"blank"			"=========================="
"blank"			"#Valve_Movement_Title"
"blank"			"=========================="
"+forward"				"#Valve_Move_Forward"
"+back"					"#Valve_Move_Back"
"+moveleft"				"#Valve_Move_Left"
"+moveright"			"#Valve_Move_Right"
"+speed"             	"#Valve_Sprint"
"+jump"					"#Valve_Jump"
"+duck"					"#Valve_Duck"
"blank"			"=========================="
"blank"			"#Valve_Combat_Title"
"blank"			"=========================="
"+attack"				"#Valve_Primary_Attack"
"+attack2"				"#Valve_Secondary_Attack"
"+reload"				"#Valve_Reload_Weapon"
"+use"					"#Valve_Use_Items"
"impulse 100"			"#Valve_Flashlight"
"+zoom"					"#Valve_Suit_Zoom"
"impulse 50"			"#Valve_Commander_Mode"
"slot1"					"#Valve_Weapon_Category_1"
"slot2"					"#Valve_Weapon_Category_2"
"slot3" 				"#Valve_Weapon_Category_3"
"slot4"					"#Valve_Weapon_Category_4"
"slot5"					"#Valve_Weapon_Category_5"
"slot6"					"#Valve_Weapon_Category_6"
"invnext"				"#Valve_Next_Weapon"
"invprev"				"#Valve_Previous_Weapon"
"lastinv"				"#Valve_Last_Weapon_Used"
"+quickfrag"			"#BMS_quickSwitchFire_frag"
"+quicktripmine"		"#BMS_quickSwitchFire_tripmine"
"blank"			"=========================="
"blank"			"#Valve_Miscellaneous_Title"
"blank"			"=========================="
"incrementvar closecaption 0 1 1"	"#Valve_CC_Toggle"
"jpeg"					"#Valve_Take_Screen_Shot"
"save quick"			"#Valve_Quick_Save"
"load quick"			"#Valve_Quick_Load"
"pause"					"#Valve_Pause_Game"
"quit"					"#Valve_Quit_Game"
"toggleconsole"			"#Valve_Console_Toggle"
"blank"			"=========================="
"blank"			"#Valve_Miscellaneous_Keyboard_Keys_Title"
"blank"			"=========================="
"+left"					"#Valve_Turn_Left"
"+right"				"#Valve_Turn_Right"
"+moveup"				"#Valve_Swim_Up"
"+movedown"				"#Valve_Swim_Down"
"+lookup"				"#Valve_Look_Up"
"+lookdown"				"#Valve_Look_Down"
"+strafe"				"#Valve_Strafe_Modifier"
"+klook"				"#Valve_Keyboard_Look_Modifier"
"blank" 		"=========================="
"blank" 		"#BMS_Weapon_Switching"
"blank" 		"=========================="
"use weapon_crowbar" 	"#BMS_Switch_Crowbar"
"use weapon_glock" 		"#BMS_Switch_Glock"
"use weapon_357" 		"#BMS_Switch_357"
"use weapon_mp5" 		"#BMS_Switch_mp5"
"use weapon_shotgun" 	"#BMS_Switch_shotgun"
"use weapon_crossbow" 	"#BMS_Switch_crossbow"
"use weapon_rpg" 		"#BMS_Switch_rpg"
"use weapon_tau" 		"#BMS_Switch_tau"
"use weapon_gluon" 		"#BMS_Switch_gluon"
"use weapon_hivehand" 	"#BMS_Switch_hivehand"
"use weapon_frag" 		"#BMS_Switch_frag"
"use weapon_satchel" 	"#BMS_Switch_satchel"
"use weapon_tripmine" 	"#BMS_Switch_tripmine"
"use weapon_snark" 		"#BMS_Switch_snark"
"blank" "=========================="
"blank" "#BMS_Multiplayer_Title"
"blank" "=========================="
"chooseteam" "#BMS_ChooseTeam"
